[INFO] Scanning for projects...
[WARNING] 
[WARNING] Some problems were encountered while building the effective model for com.hms:servicename:jar:0.0.1-SNAPSHOT
[WARNING] 'dependencies.dependency.(groupId:artifactId:type:classifier)' must be unique: com.scalekit:scalekit-sdk-java:jar -> duplicate declaration of version ${scalekit.version} @ line 180, column 21
[WARNING] 'dependencies.dependency.(groupId:artifactId:type:classifier)' must be unique: com.hms.platform:hms-common-lib:jar -> duplicate declaration of version 1.0.0-SNAPSHOT @ line 208, column 21
[WARNING] 
[WARNING] It is highly recommended to fix these problems because they threaten the stability of your build.
[WARNING] 
[WARNING] For this reason, future Maven versions might no longer support building such malformed projects.
[WARNING] 
[INFO] 
[INFO] ------------------------< com.hms:servicename >-------------------------
[INFO] Building servicename 0.0.1-SNAPSHOT
[INFO]   from pom.xml
[INFO] --------------------------------[ jar ]---------------------------------
[INFO] 
[INFO] --- openapi-generator:7.1.0:generate (generate-workflow-client) @ servicename ---
[INFO] Generating with dryRun=false
[INFO] OpenAPI Generator: spring (server)
[INFO] Generator 'spring' is considered stable.
[INFO] ----------------------------------
[INFO] Environment variable JAVA_POST_PROCESS_FILE not defined so the Java code may not be properly formatted. To define it, try 'export JAVA_POST_PROCESS_FILE="/usr/local/bin/clang-format -i"' (Linux/Mac)
[INFO] NOTE: To enable file post-processing, 'enablePostProcessFile' must be set to `true` (--enable-post-process-file for CLI).
[INFO] Invoker Package Name, originally not set, is now derived from api package name: com.hms.bff.client.workflow
[INFO] Processing operation startOnboarding
[INFO] 'host' (OAS 2.0) or 'servers' (OAS 3.0) not defined in the spec. Default to [http://localhost] for server URL [http://localhost/api/v1]
[INFO] 'host' (OAS 2.0) or 'servers' (OAS 3.0) not defined in the spec. Default to [http://localhost] for server URL [http://localhost/api/v1]
[INFO] writing file /Users/macbook/hms-auth-bff/target/generated-sources/workflow-client/src/main/java/com/hms/bff/client/workflow/model/ErrorResponse.java
[INFO] writing file /Users/macbook/hms-auth-bff/target/generated-sources/workflow-client/src/main/java/com/hms/bff/client/workflow/model/OnboardingResponse.java
[INFO] writing file /Users/macbook/hms-auth-bff/target/generated-sources/workflow-client/src/main/java/com/hms/bff/client/workflow/model/StartOnboardingRequest.java
[INFO] 'host' (OAS 2.0) or 'servers' (OAS 3.0) not defined in the spec. Default to [http://localhost] for server URL [http://localhost/api/v1]
[INFO] writing file /Users/macbook/hms-auth-bff/target/generated-sources/workflow-client/src/main/java/com/hms/bff/client/workflow/api/OnboardingApi.java
[INFO] writing file /Users/macbook/hms-auth-bff/target/generated-sources/workflow-client/src/main/java/com/hms/bff/client/workflow/api/OnboardingApiClient.java
[INFO] 'host' (OAS 2.0) or 'servers' (OAS 3.0) not defined in the spec. Default to [http://localhost] for server URL [http://localhost/api/v1]
[INFO] writing file /Users/macbook/hms-auth-bff/target/generated-sources/workflow-client/pom.xml
[INFO] writing file /Users/macbook/hms-auth-bff/target/generated-sources/workflow-client/README.md
[INFO] writing file /Users/macbook/hms-auth-bff/target/generated-sources/workflow-client/src/main/java/org/openapitools/configuration/ApiKeyRequestInterceptor.java
[INFO] writing file /Users/macbook/hms-auth-bff/target/generated-sources/workflow-client/src/main/resources/oauth2-client.properties
[INFO] writing file /Users/macbook/hms-auth-bff/target/generated-sources/workflow-client/src/main/java/org/openapitools/configuration/ClientPropertiesConfiguration.java
[INFO] writing file /Users/macbook/hms-auth-bff/target/generated-sources/workflow-client/src/main/java/org/openapitools/configuration/ClientConfiguration.java
[INFO] Skipped /Users/macbook/hms-auth-bff/target/generated-sources/workflow-client/.openapi-generator-ignore (Skipped by supportingFiles options supplied by user.)
[INFO] writing file /Users/macbook/hms-auth-bff/target/generated-sources/workflow-client/.openapi-generator/VERSION
[INFO] writing file /Users/macbook/hms-auth-bff/target/generated-sources/workflow-client/.openapi-generator/FILES
################################################################################
# Thanks for using OpenAPI Generator.                                          #
# Please consider donation to help us maintain this project 🙏                 #
# https://opencollective.com/openapi_generator/donate                          #
################################################################################
[INFO] 
[INFO] --- resources:3.3.1:resources (default-resources) @ servicename ---
[INFO] Copying 1 resource from src/main/resources to target/classes
[INFO] Copying 4 resources from src/main/resources to target/classes
[INFO] 
[INFO] --- compiler:3.11.0:compile (default-compile) @ servicename ---
[INFO] Changes detected - recompiling the module! :source
[INFO] Compiling 31 source files with javac [debug release 21] to target/classes
[WARNING] --add-opens has no effect at compile time
[INFO] 
[INFO] --- resources:3.3.1:testResources (default-testResources) @ servicename ---
[INFO] skip non existing resourceDirectory /Users/macbook/hms-auth-bff/src/test/resources
[INFO] 
[INFO] --- compiler:3.11.0:testCompile (default-testCompile) @ servicename ---
[INFO] Changes detected - recompiling the module! :dependency
[INFO] Compiling 1 source file with javac [debug release 21] to target/test-classes
[WARNING] --add-opens has no effect at compile time
[INFO] 
[INFO] --- surefire:3.1.2:test (default-test) @ servicename ---
[INFO] Using auto detected provider org.apache.maven.surefire.junitplatform.JUnitPlatformProvider
[INFO] 
[INFO] -------------------------------------------------------
[INFO]  T E S T S
[INFO] -------------------------------------------------------
[INFO] Running com.hms.servicename.service.UserManagementServiceKualiteeTest
OpenJDK 64-Bit Server VM warning: Sharing is only supported for boot loader classes because bootstrap classpath has been appended
WARNING: A Java agent has been loaded dynamically (/Users/macbook/.m2/repository/net/bytebuddy/byte-buddy-agent/1.14.13/byte-buddy-agent-1.14.13.jar)
WARNING: If a serviceability tool is in use, please run with -XX:+EnableDynamicAgentLoading to hide this warning
WARNING: If a serviceability tool is not in use, please run with -Djdk.instrument.traceUsage for more information
WARNING: Dynamic loading of agents will be disallowed by default in a future release
✅ Test TC-BFF-AUTH-004 PASSED: Role assigned successfully
🔴 Kualitee API Error Body:  {"status":false,"errors":"testcase id missing"}
00:30:59.971 [main] ERROR com.hms.lib.common.testing.KualiteeReporter -- Failed to update Kualitee test case testAssignRoleToUser: Kualitee API returned status 401
✅ Test TC-BFF-WEBHOOK-001 PASSED: Webhook signature verified
🔴 Kualitee API Error Body:  {"status":false,"errors":"testcase id missing"}
00:31:00.380 [main] ERROR com.hms.lib.common.testing.KualiteeReporter -- Failed to update Kualitee test case testWebhookSignatureVerification: Kualitee API returned status 401
✅ Test TC-BFF-AUTH-002 PASSED: User retrieved successfully
🔴 Kualitee API Error Body:  {"status":false,"errors":"testcase id missing"}
00:31:00.760 [main] ERROR com.hms.lib.common.testing.KualiteeReporter -- Failed to update Kualitee test case testGetUserById: Kualitee API returned status 401
✅ Test TC-BFF-AUTH-003 PASSED: Organization created successfully
🔴 Kualitee API Error Body:  {"status":false,"errors":"testcase id missing"}
00:31:01.154 [main] ERROR com.hms.lib.common.testing.KualiteeReporter -- Failed to update Kualitee test case testCreateOrganization: Kualitee API returned status 401
✅ Test TC-BFF-AUTH-001 PASSED: User created successfully
🔴 Kualitee API Error Body:  {"status":false,"errors":"testcase id missing"}
00:31:01.516 [main] ERROR com.hms.lib.common.testing.KualiteeReporter -- Failed to update Kualitee test case testCreateUserWithValidData: Kualitee API returned status 401
[INFO] Tests run: 5, Failures: 0, Errors: 0, Skipped: 0, Time elapsed: 3.666 s -- in com.hms.servicename.service.UserManagementServiceKualiteeTest
[INFO] 
[INFO] Results:
[INFO] 
[INFO] Tests run: 5, Failures: 0, Errors: 0, Skipped: 0
[INFO] 
[INFO] ------------------------------------------------------------------------
[INFO] BUILD SUCCESS
[INFO] ------------------------------------------------------------------------
[INFO] Total time:  10.139 s
[INFO] Finished at: 2025-11-26T00:31:01+05:30
[INFO] ------------------------------------------------------------------------
